<?xml version="1.0" encoding="UTF-8"?><theHarvester><cmd>-d example.com -l 200 -b all -f results.xml</cmd><email>c@example.com</email><email>dana@example.com</email><email>email@example.com</email><email>firstname@example.com</email><email>info@example.com</email><email>john.doe@example.com</email><email>l@example.com</email><email>mail@example.com</email><email>me@example.com</email><email>myname@example.com</email><email>name@example.com</email><email>netsparker@example.com</email><email>right@example.com</email><email>sam.holden@example.com</email><email>someone@example.com</email><email>test@example.com</email><email>testing@example.com</email><email>them@example.com</email><email>user@example.com</email><email>user@server.example.com</email><email>username@example.com</email><email>you@example.com</email><email>yourusername@example.com</email><host>www.example.com</host><host>site2.example.com</host><host>*.example.com</host><host>www.example.com</host><host>www.example.com</host><host>baz.example.com</host><host>ric.example.com</host><host>hervekante319.example.com</host><host>etesync.example.com</host><host>analytics.example.com</host><host>fontdesigner.example.com</host><host>new-client.example.com</host><host>alist.example.com</host><host>discord.example.com</host><host>selenium-hub.example.com</host><host>zabbix.example.com</host><host>midas-external.example.com</host><host>staging-api.example.com</host><host>xn--bhler-kva.example.com</host><host>internal-api.example.com</host><host>myapp2.example.com</host><host>child.example.com</host><host>mail-relay2.example.com</host><host>pi17.example.com</host><host>commonfate.example.com</host><host>headlamp.example.com</host><host>eastus.example.com</host><host>bells.example.com</host><host>tl.example.com</host><host>ip-93-184-216-34.ip.example.com</host><host>f806022a930120200000020008100000.example.com</host><host>wstunnel.example.com</host><host>secure-payment-page.example.com</host><host>issuer.example.com</host><host>cvat.example.com</host><host>false.example.com</host><host>openssohost.example.com</host><host>outlook.example.com</host><host>cluster2.example.com</host><host>noexist.example.com</host><host>baz.bar.sub.example.com</host><host>pochodzenie.example.com</host><host>backup.example.com</host><host>plausible.example.com</host><host>good.example.com</host><host>royal.example.com</host><host>not-exist.example.com</host><host>gitea.example.com</host><host>my-remote-logger.example.com</host><host>weather.example.com</host><host>mob.example.com</host><host>c2.example.com</host><host>gis.example.com</host><host>glowlab.example.com</host><host>foo.bar.example.com</host><host>afterthought.example.com</host><host>reg.example.com</host><host>myfunction.example.com</host><host>attraction.example.com</host><host>my-archive.example.com</host><host>animal.example.com</host><host>charityorg.example.com</host><host>remote-backup.example.com</host><host>buildbot.example.com</host><host>au.example.com</host><host>external.example.com</host><host>n1.example.com</host><host>laptop.example.com</host><host>signer.example.com</host><host>malware.example.com</host><host>main.etcd.internal.minimal.example.com</host><host>pterodactyl.example.com</host><host>rozpoznawanie-zagrozen.example.com</host><host>widgets.example.com</host><host>api.art.example.com</host><host>grid.example.com</host><host>coverage.example.com</host><host>calls-job-service.example.com</host><host>bad.example.com</host><host>skaha.example.com</host><host>icinga.example.com</host><host>changes.example.com</host><host>km.example.com</host><host>mall.example.com</host><host>2fattack.example.com</host><host>dev-i90.example.com</host><host>invalid-stuff-detected.example.com</host><host>smarthost.example.com</host><host>onlineform.example.com</host><host>installments.example.com</host><host>9cce47dec2afeff3e80dcab99df4a6c9.286fda40e101f61dc4eaae3921a6aea4.isc.flag.example.com</host><host>subdirectory.example.com</host><host>does-not-exists.example.com</host><host>artcloud.example.com</host><host>your-personal-homepage.example.com</host><host>speedy.example.com</host><host>schedule-consultation.example.com</host><host>zenml.example.com</host><host>keystone.example.com</host><host>cas.example.com</host><host>orange.example.com</host><host>jqm-site.example.com</host><host>scriptt.example.com</host><host>sztp2.example.com</host><host>securityinsidequiz.example.com</host><host>db.example.com</host><host>xn--rksmrgs-5wao1o.example.com</host><host>www.legalconsulting.example.com</host><host>8academy.example.com</host><host>bamboo.example.com</host><host>telemetry.nexusguard.example.com</host><host>files.example.com</host><host>wcg1.example.com</host><host>remote-bakup.example.com</host><host>adairco.example.com</host><host>www.example.com</host><host>registry.example.com</host><host>nonexistant.example.com</host><host>your-server.example.com</host><host>data.example.com</host><host>api.mx.example.com</host><host>bundle-shard-2.assets.example.com</host><host>dashboard.example.com</host><host>haunted1.banshee.example.com</host><host>kodi.example.com</host><host>api.internal.minimal-warmpool.example.com</host><host>doesnotexist.example.com</host><host>emilybethzydavies15.example.com</host><host>tmga.sub.example.com</host><host>internal.example.com</host><host>mirrora.example.com</host><host>www.hello.example.com</host><host>tsdb.example.com</host><host>attacker.site.example.com</host><host>jitsi.example.com</host><host>download-guide.example.com</host><host>stag.example.com</host><host>tickets.example.com</host><host>myrestservice.example.com</host><host>www.the-jackson-group.example.com</host><host>my-weather-api.example.com</host><host>dev-media.example.com</host><host>not-tracking.example.com</host><host>all-vendor-devices.example.com</host><host>proxy-server.example.com</host><host>api.internal.minimal.example.com</host><host>defaced.example.com</host><host>teleport.example.com</host><host>mautic.example.com</host><host>seatable.example.com</host><host>exploit.example.com</host><host>fs1.cdn.example.com</host><host>icons.example.com</host><host>behavior.example.com</host><host>ldap-master.example.com</host><host>tools.example.com</host><host>hidden.example.com</host><host>secure-bank-login.example.com</host><host>self-signed.example.com</host><host>api.internal.privateflannel.example.com</host><host>ntfy.example.com</host><host>www4.example.com</host><host>solr.example.com</host><host>industryreports.example.com</host><host>vc-01-a.example.com</host><host>production.example.com</host><host>foo.blog.example.com</host><host>yourwebsite.example.com</host><host>policy-explanation.example.com</host><host>appspace.example.com</host><host>www.ark.example.com</host><host>newbackup.example.com</host><host>dl.example.com</host><host>ecs.example.com</host><host>nc.example.com</host><host>review.example.com</host><host>ns11.example.com</host><host>awsproxy.example.com</host><host>app-server.internal.example.com</host><host>reportcollector.example.com</host><host>myap.example.com</host><host>notfound.example.com</host><host>api.internal.many-addons.example.com</host><host>panel.example.com</host><host>shopease.example.com</host><host>tickets.museum.example.com</host><host>dataviz.example.com</host><host>us.example.com</host><host>mailsuite.example.com</host><host>users.example.com</host><host>maps.example.com</host><host>thinlinc-master.example.com</host><host>nocert.example.com</host><host>signed-url.example.com</host><host>self-help.example.com</host><host>fashionbrand.example.com</host><host>bee.example.com</host><host>polipoliprom.example.com</host><host>suspicious-link.example.com</host><host>brooklyn.example.com</host><host>wwww.example.com</host><host>observability.example.com</host><host>nf.example.com</host><host>void.example.com</host><host>airflow.example.com</host><host>client-one.example.com</host><host>smtpsrv.example.com</host><host>developer.example.com</host><host>api.internal.cas-priority-expander.example.com</host><host>yyy.example.com</host><host>sdkapp.example.com</host><host>malicious.example.com</host><host>api.weather.example.com</host><host>my-broker.example.com</host><host>phabricator.example.com</host><host>test-malware.example.com</host><host>checkout.example.com</host><host>cryptomining.example.com</host><host>intranet.example.com</host><host>destination.url.example.com</host><host>cluster1.example.com</host><host>s3.api.example.com</host><host>pushendpoint.example.com</host><host>www.ready-mat.example.com</host><host>6533d3e25f075dfaa371c5c4.example.com</host><host>www.wood-corner.example.com</host><host>f806022a190220200000020002100000.example.com</host><host>stylesheets.example.com</host><host>malware-command-server.example.com</host><host>techtalk.example.com</host><host>655745e55f075dfaa371d20a.example.com</host><host>stgwg1.example.com</host><host>iag.example.com</host><host>discovery.example.com</host><host>f806022a930120200000040016100000.example.com</host><host>unknown.example.com</host><host>f806022a930120200000020007100000.example.com</host><host>shortlink.example.com</host><host>download.example.com</host><host>keys.server.example.com</host><host>fortimanager.example.com</host><host>funshare.example.com</host><host>base.example.com</host><host>cybershield.example.com</host><host>laravel.example.com</host><host>api.us.example.com</host><host>minio.example.com</host><host>my.proxy.example.com</host><host>meeting.example.com</host><host>feature1.example.com</host><host>noise-tracker-api.example.com</host><host>stapi.example.com</host><host>bar-albatross.example.com</host><host>mcp-server.example.com</host><host>basin.example.com</host><host>live.example.com</host><host>bucket-name.example.com</host><host>fake.example.com</host><host>as.example.com</host><host>api.internal.minimal-ipv6.example.com</host><host>phish.example.com</host><host>helm.ocp4.example.com</host><host>smallcompany.example.com</host><host>sns.example.com</host><host>slime.example.com</host><host>really.specific.origin.example.com</host><host>qaz.bar.foo.example.com</host><host>assets2.example.com</host><host>some-server.example.com</host><host>sibling.example.com</host><host>not-working.example.com</host><host>eu.example.com</host><host>serwer.example.com</host><host>piwik.example.com</host><host>cryptonightjs.example.com</host><host>dropped.alertmanager.example.com</host><host>intra.example.com</host><host>fake-login.example.com</host><host>655cbbad5f075dfaa371d3a6.example.com</host><host>ml-ai-conversations.example.com</host><host>lists.example.com</host><host>rentyourride.example.com</host><host>fingerprinting.example.com</host><host>local.example.com</host><host>influencer.example.com</host><host>worker-rough-fire-759a.example.com</host><host>my-event-broker.example.com</host><host>sandbox.example.com</host><host>v34.ruzaev1.example.com</host><host>bar.foo.example.com</host><host>pushbits.example.com</host><host>azorius.example.com</host><host>releases.example.com</host><host>privacyidea.example.com</host><host>bikes.example.com</host><host>varonis.example.com</host><host>foo.sub.example.com</host><host>mail-relay.example.com</host><host>gitblit.example.com</host><host>leiloes.example.com</host><host>builds.example.com</host><host>jupyterhub.example.com</host><host>ppro.example.com</host><host>livechat.example.com</host><host>nexusguard.example.com</host><host>home.example.com</host><host>newsite.example.com</host><host>kbs.example.com</host><host>www.good.example.com</host><host>op.example.com</host><host>jira-app-server.internal.example.com</host><host>m.login.example.com</host><host>112.6.83.173.example.com</host><host>hipchat.example.com</host><host>remote.example.com</host><host>my-proxy.example.com</host><host>wiki.victim.example.com</host><host>cmdm.example.com</host><host>ldap-server.example.com</host><host>very.specific.example.com</host><host>sztp1.example.com</host><host>appa.example.com</host><host>advertisement.example.com</host><host>samahaisuhana.example.com</host><host>account.example.com</host><host>bugs.example.com</host><host>x-force.example.com</host><host>tsfminferenceserver-kserve-test.example.com</host><host>site.subdomain.example.com</host><host>accounts.example.com</host><host>platform.example.com</host><host>jyo.example.com</host><host>uxdhbpahpdsf.example.com</host><host>stash.example.com</host><host>www.remote.example.com</host><host>custom-auth.example.com</host><host>backupmail.example.com</host><host>test-proxy.example.com</host><host>public.nova.example.com</host><host>hyperledger.example.com</host><host>client-four.example.com</host><host>chat.example.com</host><host>john.doe.example.com</host><host>alto.example.com</host><host>shinjuku-sanchome.example.com</host><host>exam.example.com</host><host>confluence.example.com</host><host>ipn.example.com</host><host>bar.sub.example.com</host><host>arithmetic.example.com</host><host>api.internal.minimal-gce-plb.example.com</host><host>www.deco-addict.example.com</host><host>f806022a930120200000020002100000.example.com</host><host>specific-device.example.com</host><host>assembla.example.com</host><host>api.aws.example.com</host><host>sharedzen.example.com</host><host>master.example.com</host><host>baz.bar.example.com</host><host>emilybethzydavies22.example.com</host><host>consultingfirm.example.com</host><host>foreman.example.com</host><host>myproj.example.com</host><host>bell.example.com</host><host>mycorp.example.com</host><host>hg.example.com</host><host>badguy.example.com</host><host>edpl.example.com</host><host>slowapi.example.com</host><host>tuency-demo1.example.com</host><host>api.internal.unmanaged.example.com</host><host>patchman.example.com</host><host>saltapi-url.example.com</host><host>updates.nexusguard.example.com</host><host>rtcd.example.com</host><host>brass.example.com</host><host>hadoop-oozie.example.com</host><host>autoservice.example.com</host><host>tracking.example.com</host><host>client-three.example.com</host><host>pulp.example.com</host><host>www.one.example.com</host><host>nix.example.com</host><host>www.globalcompany.example.com</host><host>portfolio.example.com</host><host>api.internal.existing-iam.example.com</host><host>directory.example.com</host><host>www.your-website.example.com</host><host>intranet-wiki.example.com</host><host>bez-przecinka.example.com</host><host>branch.sub1.subsub.dev.example.com</host><host>zaqar.example.com</host><host>iiif.example.com</host><host>portsmouth.example.com</host><host>brand.example.com</host><host>domain.example.com</host><host>cgit.example.com</host><host>specific.example.com</host><host>myfriend.example.com</host><host>habittracker.example.com</host><host>defaced2.example.com</host><host>www.gemini-furniture.example.com</host><host>mirror-1.example.com</host><host>myhost.example.com</host><host>host1.example.com</host><host>vulnerable.example.com</host><host>client-two.example.com</host><host>gitlab-registry.example.com</host><host>creditagency.example.com</host><host>wsw.example.com</host><host>www.fanohotel.example.com</host><host>jupiter.example.com</host><host>upload.example.com</host><host>my.external.example.com</host><host>warcstore.example.com</host><host>myservice.example.com</host><host>pypi.example.com</host><host>test.internal.example.com</host><host>jackson.group.example.com</host><host>mydomain.example.com</host><host>processing.example.com</host><host>custom-api.example.com</host><host>crosssite.example.com</host><host>primero.example.com</host><host>my.test.server.example.com</host><host>x1.www.example.com</host><host>boards.example.com</host><host>dmarc.example.com</host><host>apac.example.com</host><host>doc.bc.11111111.a.example.com</host><host>n2.example.com</host><host>fontvendor.example.com</host><host>hls.example.com</host><host>fle.example.com</host><host>bomb.example.com</host><host>requests.example.com</host><host>alertmanager.example.com</host><host>confluence-app-server.internal.example.com</host><host>ulsah.example.com</host><host>summarize.example.com</host><host>applications.example.com</host><host>minimal.example.com</host><host>khlab.example.com</host><host>get-books-proxy.example.com</host><host>doesntexist.bar.example.com</host><host>almostzero.example.com</host><host>pr.example_com.294.example.com</host><host>tlsv1-0.example.com</host><host>alice.example.com</host><host>phpmyadmin.example.com</host><host>secure-document.example.com</host><host>oidc.example.com</host><host>somewhere.example.com</host><host>iis.example.com</host><host>returned.example.com</host><host>resizer.example.com</host><host>staging-auth.example.com</host><host>wiki.example.com</host><host>bharatbuy-demo.example.com</host><host>cdn1.example.com</host><host>request.example.com</host><host>eagle-server.example.com</host><host>paylink.example.com</host><host>login-yourbank.example.com</host><host>myoracle4.example.com</host><host>bbb-api.example.com</host><host>only-gems.example.com</host><host>actor.example.com</host><host><ip>185.14.30.73</ip><hostname>177935.example.com</hostname></host><host><ip>5.188.108.53</ip><hostname>vsevolod977341.00.example.com</hostname></host><host><ip>195.123.218.48</ip><hostname>179803.example.com</hostname></host><host><ip>77.105.164.77</ip><hostname>2292squidsbased.example.com</hostname></host><host><ip>141.98.6.37</ip><hostname>2266squidsbased.example.com</hostname></host><host><ip>195.123.219.44</ip><hostname>189396.example.com</hostname></host><host><ip>195.123.209.198</ip><hostname>163907.example.com</hostname></host><host><ip>195.123.246.145</ip><hostname>165861.example.com</hostname></host><host><ip>5.34.182.147</ip><hostname>184306.example.com</hostname></host><host><ip>185.14.28.33</ip><hostname>185606.example.com</hostname></host><host><ip>195.123.246.131</ip><hostname>187958.example.com</hostname></host><host><ip>195.123.238.73</ip><hostname>179108.example.com</hostname></host><host><ip>146.185.198.62</ip><hostname>mr21.05.example.com</hostname></host><host><ip>107.181.161.194</ip><hostname>182605.example.com</hostname></host><host><ip>185.14.28.77</ip><hostname>182182.example.com</hostname></host><host><ip>217.12.207.20</ip><hostname>187742.example.com</hostname></host><host><ip>45.90.58.155</ip><hostname>206254.example.com</hostname></host><host><ip>82.146.51.102</ip><hostname>elena.belova.1995.example.com</hostname></host><host><ip>77.105.164.224</ip><hostname>2244squidsbased.example.com</hostname></host><host><ip>5.34.176.114</ip><hostname>186594.example.com</hostname></host><host><ip>195.123.216.55</ip><hostname>181533.example.com</hostname></host><host><ip>195.123.222.82</ip><hostname>151714.example.com</hostname></host><host><ip>195.123.211.41</ip><hostname>187194.example.com</hostname></host><host><ip>82.118.19.64</ip><hostname>206266.example.com</hostname></host><host><ip>195.123.221.43</ip><hostname>157788.example.com</hostname></host><host><ip>5.34.176.55</ip><hostname>189349.example.com</hostname></host><host><ip>82.118.22.236</ip><hostname>180812.example.com</hostname></host><host><ip>195.123.211.52</ip><hostname>191724.example.com</hostname></host><host><ip>195.123.216.33</ip><hostname>181277.example.com</hostname></host><host><ip>217.12.207.78</ip><hostname>191261.example.com</hostname></host><host><ip>212.80.218.161</ip><hostname>curious-scarier1.0o.example.com</hostname></host><host><ip>195.123.224.163</ip><hostname>190742.example.com</hostname></host><host><ip>195.123.210.174</ip><hostname>202003.example.com</hostname></host><host><ip>45.82.161.125</ip><hostname>202505071.example.com</hostname></host><host><ip>195.123.218.173</ip><hostname>188812.example.com</hostname></host><host><ip>5.34.180.151</ip><hostname>183970.example.com</hostname></host><host><ip>62.233.57.102</ip><hostname>192845.example.com</hostname></host><host><ip>217.12.206.102</ip><hostname>190147.example.com</hostname></host><host><ip>195.123.219.115</ip><hostname>167029.example.com</hostname></host><host><ip>195.234.63.4</ip><hostname>195-234-63-4.example.com</hostname></host><host><ip>217.12.221.67</ip><hostname>197497.example.com</hostname></host><host><ip>195.123.246.247</ip><hostname>175605.example.com</hostname></host><host><ip>195.123.239.200</ip><hostname>163103.example.com</hostname></host><host><ip>195.123.209.72</ip><hostname>169287.example.com</hostname></host><host><ip>195.123.220.111</ip><hostname>195506.example.com</hostname></host><host><ip>195.123.211.37</ip><hostname>190234.example.com</hostname></host><host><ip>82.118.21.155</ip><hostname>174317.example.com</hostname></host><host><ip>195.123.226.165</ip><hostname>189166.example.com</hostname></host><host><ip>195.123.217.75</ip><hostname>189061.example.com</hostname></host><host><ip>185.14.30.150</ip><hostname>174327.example.com</hostname></host><host><ip>185.14.30.249</ip><hostname>174332.example.com</hostname></host><host><ip>5.34.180.12</ip><hostname>184867.example.com</hostname></host><host><ip>195.123.211.116</ip><hostname>187610.example.com</hostname></host><host><ip>195.123.222.63</ip><hostname>162394.example.com</hostname></host><host><ip>185.14.30.210</ip><hostname>180372.example.com</hostname></host><host><ip>185.82.219.183</ip><hostname>183747.example.com</hostname></host><host><ip>195.123.209.15</ip><hostname>183022.example.com</hostname></host><host><ip>62.173.150.53</ip><hostname>a2.efimov.21.example.com</hostname></host><host><ip>195.123.244.138</ip><hostname>186589.example.com</hostname></host><host><ip>195.123.212.29</ip><hostname>199813.example.com</hostname></host><host><ip>195.123.220.6</ip><hostname>175394.example.com</hostname></host><host><ip>195.123.244.144</ip><hostname>186142.example.com</hostname></host><host><ip>5.34.182.36</ip><hostname>185565.example.com</hostname></host><host><ip>195.123.246.123</ip><hostname>187946.example.com</hostname></host><host><ip>195.123.208.149</ip><hostname>181756.example.com</hostname></host><host><ip>77.105.164.209</ip><hostname>1875squidsbased.example.com</hostname></host><host><ip>195.123.218.107</ip><hostname>192674.example.com</hostname></host><host><ip>45.12.5.162</ip><hostname>2024userown.example.com</hostname></host><host><ip>195.123.246.56</ip><hostname>174148.example.com</hostname></host><host><ip>195.123.211.22</ip><hostname>199617.example.com</hostname></host><host><ip>195.123.210.187</ip><hostname>192716.example.com</hostname></host><host><ip>195.123.212.167</ip><hostname>174172.example.com</hostname></host><host><ip>195.123.244.238</ip><hostname>182080.example.com</hostname></host><host><ip>5.34.180.177</ip><hostname>183097.example.com</hostname></host><host><ip>195.123.237.132</ip><hostname>138429.example.com</hostname></host><host><ip>5.34.180.172</ip><hostname>174138.example.com</hostname></host><host><ip>93.184.215.14</ip><hostname>www.example.com</hostname></host><host><ip>95.164.53.11</ip><hostname>2235squidsbased.example.com</hostname></host><host><ip>195.123.217.57</ip><hostname>189337.example.com</hostname></host><host><ip>5.188.3.240</ip><hostname>apextin.1998.example.com</hostname></host><host><ip>195.123.244.217</ip><hostname>181613.example.com</hostname></host><host><ip>195.123.216.50</ip><hostname>181441.example.com</hostname></host><host><ip>217.12.206.11</ip><hostname>191611.example.com</hostname></host><host><ip>5.34.176.83</ip><hostname>196592.example.com</hostname></host><host><ip>45.80.209.98</ip><hostname>waxier-sunlit.0h.example.com</hostname></host><host><ip>180.149.44.66</ip><hostname>raja.guntur.168.example.com</hostname></host><host><ip>185.14.30.2</ip><hostname>133175.example.com</hostname></host><host><ip>195.123.210.204</ip><hostname>191132.example.com</hostname></host><host><ip>92.38.130.220</ip><hostname>mihaylov.19752.example.com</hostname></host><host><ip>195.123.211.236</ip><hostname>189136.example.com</hostname></host><host><ip>192.162.246.3</ip><hostname>reynard.sherman.163.example.com</hostname></host><host><ip>185.14.31.74</ip><hostname>176953.example.com</hostname></host><host><ip>195.123.212.162</ip><hostname>172388.example.com</hostname></host><host><ip>185.195.25.248</ip><hostname>dmitri13.1991.example.com</hostname></host><host><ip>195.123.210.214</ip><hostname>191138.example.com</hostname></host><host><ip>185.204.2.39</ip><hostname>sowa.07.example.com</hostname></host><host><ip>82.118.22.139</ip><hostname>145675.example.com</hostname></host><host><ip>5.34.180.174</ip><hostname>183390.example.com</hostname></host><host><ip>195.123.209.89</ip><hostname>184941.example.com</hostname></host><host><ip>195.123.212.51</ip><hostname>193045.example.com</hostname></host><host><ip>195.123.210.114</ip><hostname>183027.example.com</hostname></host><host><ip>185.14.30.245</ip><hostname>194473.example.com</hostname></host><host><ip>195.123.222.107</ip><hostname>179565.example.com</hostname></host><host><ip>77.105.164.66</ip><hostname>1580squidsbased.example.com</hostname></host><host><ip>62.173.154.150</ip><hostname>a.efimov.21.example.com</hostname></host><host><ip>62.233.57.224</ip><hostname>191623.example.com</hostname></host><host><ip>5.34.180.57</ip><hostname>182631.example.com</hostname></host><host><ip>195.123.244.198</ip><hostname>183082.example.com</hostname></host><host><ip>5.34.180.6</ip><hostname>184466.example.com</hostname></host><host><ip>192.162.246.31</ip><hostname>doctor3.09.example.com</hostname></host><host><ip>195.123.211.13</ip><hostname>180807.example.com</hostname></host><host><ip>217.12.207.79</ip><hostname>191267.example.com</hostname></host><host><ip>95.142.40.124</ip><hostname>16579.example.com</hostname></host><host><ip>217.12.221.29</ip><hostname>197491.example.com</hostname></host><host><ip>45.80.215.222</ip><hostname>yangfan2.tec.02.example.com</hostname></host><host><ip>195.123.212.181</ip><hostname>160924.example.com</hostname></host><host><ip>195.123.211.242</ip><hostname>189142.example.com</hostname></host><host><ip>195.123.218.73</ip><hostname>190406.example.com</hostname></host><host><ip>195.123.210.153</ip><hostname>183675.example.com</hostname></host><host><ip>195.123.245.51</ip><hostname>164614.example.com</hostname></host><host><ip>195.123.218.146</ip><hostname>179958.example.com</hostname></host><host><ip>62.233.57.63</ip><hostname>191126.example.com</hostname></host><host><ip>185.14.30.42</ip><hostname>180513.example.com</hostname></host><host><ip>195.123.210.170</ip><hostname>191718.example.com</hostname></host><host><ip>195.123.239.40</ip><hostname>164249.example.com</hostname></host><host><ip>45.7.228.224</ip><hostname>static.224-228-7-45.example.com</hostname></host><host><ip>185.17.120.165</ip><hostname>194ddis81.example.com</hostname></host><host><ip>195.123.212.103</ip><hostname>169174.example.com</hostname></host><host><ip>83.14.191.100</ip><hostname>1.example.com</hostname></host><host><ip>77.105.164.75</ip><hostname>2287squidsbased.example.com</hostname></host><host><ip>195.123.226.162</ip><hostname>187311.example.com</hostname></host><host><ip>217.12.207.180</ip><hostname>191529.example.com</hostname></host><host><ip>195.42.232.56</ip><hostname>joseviso.123.example.com</hostname></host><host><ip>95.164.53.81</ip><hostname>2148squidsbased.example.com</hostname></host><host><ip>82.118.23.68</ip><hostname>164954.example.com</hostname></host><host><ip>217.12.207.47</ip><hostname>189537.example.com</hostname></host><host><ip>195.123.227.45</ip><hostname>173698.example.com</hostname></host><host><ip>217.12.206.175</ip><hostname>187604.example.com</hostname></host><host><ip>185.82.218.235</ip><hostname>180020.example.com</hostname></host><host><ip>185.82.218.42</ip><hostname>184392.example.com</hostname></host><host><ip>195.123.222.30</ip><hostname>170902.example.com</hostname></host><host><ip>195.123.218.116</ip><hostname>191498.example.com</hostname></host><host><ip>82.118.21.158</ip><hostname>162377.example.com</hostname></host><host><ip>45.65.9.70</ip><hostname>156117929.example.com</hostname></host><host><ip>5.34.180.163</ip><hostname>176118.example.com</hostname></host><host><ip>195.123.208.164</ip><hostname>185493.example.com</hostname></host><host><ip>185.82.217.250</ip><hostname>184372.example.com</hostname></host><host><ip>185.14.29.55</ip><hostname>179638.example.com</hostname></host><host><ip>82.118.21.182</ip><hostname>185267.example.com</hostname></host><host><ip>5.34.177.48</ip><hostname>188692.example.com</hostname></host><host><ip>217.12.206.201</ip><hostname>191617.example.com</hostname></host><host><ip>5.181.77.143</ip><hostname>14----apr----rrdd.example.com</hostname></host><host><ip>45.90.58.38</ip><hostname>169547.example.com</hostname></host><host><ip>195.234.63.11</ip><hostname>195-234-63-11.example.com</hostname></host><host><ip>195.123.245.214</ip><hostname>180572.example.com</hostname></host><host><ip>45.82.161.54</ip><hostname>liguohui2.219.example.com</hostname></host><host><ip>45.90.58.45</ip><hostname>161741.example.com</hostname></host><host><ip>195.123.220.39</ip><hostname>166650.example.com</hostname></host><host><ip>217.12.206.27</ip><hostname>162389.example.com</hostname></host><host><ip>110.50.96.18</ip><hostname>18x96x50x110.example.com</hostname></host><host><ip>45.65.9.125</ip><hostname>liguohui.219.example.com</hostname></host><host><ip>195.123.208.119</ip><hostname>184481.example.com</hostname></host><host><ip>195.123.209.56</ip><hostname>181919.example.com</hostname></host><host><ip>195.140.144.195</ip><hostname>195.example.com</hostname></host><host><ip>195.123.212.105</ip><hostname>134330.example.com</hostname></host><host><ip>195.123.244.152</ip><hostname>182035.example.com</hostname></host><host><ip>195.123.212.213</ip><hostname>193691.example.com</hostname></host><host><ip>195.123.219.27</ip><hostname>199402.example.com</hostname></host><host><ip>185.14.30.29</ip><hostname>205066.example.com</hostname></host><host><ip>45.90.58.234</ip><hostname>172981.example.com</hostname></host><host><ip>195.123.246.240</ip><hostname>177676.example.com</hostname></host><host><ip>5.34.183.219</ip><hostname>21810.example.com</hostname></host><host><ip>185.14.28.159</ip><hostname>183733.example.com</hostname></host><host><ip>45.143.139.4</ip><hostname>denis2.ryzhov.1979.example.com</hostname></host><host><ip>195.123.247.153</ip><hostname>165688.example.com</hostname></host><host><ip>195.123.222.192</ip><hostname>174307.example.com</hostname></host><host><ip>185.14.29.83</ip><hostname>179643.example.com</hostname></host><host><ip>195.123.218.95</ip><hostname>192602.example.com</hostname></host><host><ip>195.234.63.6</ip><hostname>195-234-63-6.example.com</hostname></host><host><ip>212.80.219.182</ip><hostname>a02.11g.example.com</hostname></host><host><ip>195.123.219.87</ip><hostname>191575.example.com</hostname></host><host><ip>185.14.30.86</ip><hostname>193788.example.com</hostname></host><host><ip>185.14.30.111</ip><hostname>177962.example.com</hostname></host><host><ip>5.181.77.54</ip><hostname>yangfan.tec.02.example.com</hostname></host><host><ip>217.12.206.105</ip><hostname>193964.example.com</hostname></host><host><ip>5.34.182.124</ip><hostname>181558.example.com</hostname></host><host><ip>185.81.128.154</ip><hostname>2.example.com</hostname></host><host><ip>45.90.58.227</ip><hostname>209446.example.com</hostname></host><host><ip>217.12.206.97</ip><hostname>188000.example.com</hostname></host><host><ip>45.143.136.4</ip><hostname>14538.example.com</hostname></host><host><ip>5.34.180.211</ip><hostname>183487.example.com</hostname></host><host><ip>185.14.30.199</ip><hostname>177967.example.com</hostname></host><host><ip>5.188.3.225</ip><hostname>rusya.sharapov.040404.example.com</hostname></host><host><ip>195.123.226.163</ip><hostname>187317.example.com</hostname></host><host><ip>82.118.22.105</ip><hostname>199778.example.com</hostname></host><host><ip>185.14.29.212</ip><hostname>181746.example.com</hostname></host><host><ip>5.34.181.17</ip><hostname>183788.example.com</hostname></host><host><ip>195.123.219.107</ip><hostname>192680.example.com</hostname></host><host><ip>77.105.164.161</ip><hostname>1739squidsbased.example.com</hostname></host><host><ip>141.98.6.35</ip><hostname>2305squidsbased.example.com</hostname></host><host><ip>94.142.141.206</ip><hostname>123456.example.com</hostname></host><host><ip>195.123.212.218</ip><hostname>163081.example.com</hostname></host><host><ip>195.123.210.98</ip><hostname>187772.example.com</hostname></host><host><ip>82.118.22.76</ip><hostname>179847.example.com</hostname></host><host><ip>5.8.33.119</ip><hostname>yangfan3.tec.02.example.com</hostname></host><host><ip>195.123.210.185</ip><hostname>181543.example.com</hostname></host><host><ip>195.123.239.198</ip><hostname>163098.example.com</hostname></host><host><ip>82.118.22.62</ip><hostname>130011.example.com</hostname></host><host><ip>217.12.206.67</ip><hostname>187778.example.com</hostname></host><host><ip>82.118.21.152</ip><hostname>175555.example.com</hostname></host><host><ip>195.123.239.155</ip><hostname>165698.example.com</hostname></host><host><ip>195.123.208.128</ip><hostname>110711.example.com</hostname></host><host><ip>5.34.180.167</ip><hostname>182375.example.com</hostname></host><host><ip>176.56.231.202</ip><hostname>176-56-231-202.example.com</hostname></host><host><ip>95.164.53.5</ip><hostname>2022squidsbased.example.com</hostname></host><host><ip>185.82.219.182</ip><hostname>200757.example.com</hostname></host><host><ip>195.123.210.150</ip><hostname>183665.example.com</hostname></host><host><ip>5.8.33.177</ip><hostname>yangfan4.tec.02.example.com</hostname></host><host><ip>141.98.6.51</ip><hostname>1870squidsbased.example.com</hostname></host><host><ip>195.123.225.25</ip><hostname>189154.example.com</hostname></host><host><ip>195.123.227.133</ip><hostname>172301.example.com</hostname></host><host><ip>195.123.238.203</ip><hostname>124644.example.com</hostname></host><host><ip>185.82.219.132</ip><hostname>174143.example.com</hostname></host><host><ip>192.162.247.239</ip><hostname>doctor5.09.example.com</hostname></host><host><ip>185.14.30.233</ip><hostname>177972.example.com</hostname></host><host><ip>195.123.217.82</ip><hostname>199784.example.com</hostname></host><host><ip>195.123.245.71</ip><hostname>162384.example.com</hostname></host><host><ip>195.123.211.66</ip><hostname>181608.example.com</hostname></host><host><ip>185.82.218.247</ip><hostname>165693.example.com</hostname></host><host><ip>195.123.237.203</ip><hostname>162720.example.com</hostname></host><host><ip>192.162.247.37</ip><hostname>sandra.wilson.156.example.com</hostname></host><host><ip>82.118.21.15</ip><hostname>182075.example.com</hostname></host><host><ip>192.162.240.35</ip><hostname>slfarma.14.example.com</hostname></host><host><ip>82.118.21.242</ip><hostname>169552.example.com</hostname></host><host><ip>195.123.217.123</ip><hostname>189355.example.com</hostname></host><host><ip>82.118.22.100</ip><hostname>21588.example.com</hostname></host><host><ip>185.31.160.68</ip><hostname>invest.1990.example.com</hostname></host><host><ip>185.14.29.95</ip><hostname>179648.example.com</hostname></host><host><ip>185.14.28.201</ip><hostname>184661.example.com</hostname></host><host><ip>195.123.211.127</ip><hostname>190252.example.com</hostname></host><host><ip>185.14.31.158</ip><hostname>174337.example.com</hostname></host><host><ip>82.118.22.85</ip><hostname>174342.example.com</hostname></host><host><ip>195.123.209.150</ip><hostname>160373.example.com</hostname></host><host><ip>185.14.31.165</ip><hostname>176958.example.com</hostname></host><host><ip>195.123.213.226</ip><hostname>163959.example.com</hostname></host><host><ip>82.118.22.209</ip><hostname>174347.example.com</hostname></host><host><ip>195.123.218.123</ip><hostname>188734.example.com</hostname></host><host><ip>195.123.245.151</ip><hostname>174123.example.com</hostname></host><host><ip>62.233.57.111</ip><hostname>193958.example.com</hostname></host><host><ip>195.123.245.6</ip><hostname>175440.example.com</hostname></host><host><ip>5.34.180.218</ip><hostname>176123.example.com</hostname></host><host><ip>195.123.245.117</ip><hostname>178774.example.com</hostname></host><host><ip>5.34.176.87</ip><hostname>190165.example.com</hostname></host><host><ip>195.123.211.112</ip><hostname>196186.example.com</hostname></host><host><ip>92.38.189.193</ip><hostname>safronov2.018.example.com</hostname></host><host><ip>45.90.57.205</ip><hostname>199408.example.com</hostname></host><host><ip>195.123.209.108</ip><hostname>159390.example.com</hostname></host><host><ip>77.105.164.45</ip><hostname>2353squidsbased.example.com</hostname></host><host><ip>185.14.30.230</ip><hostname>194423.example.com</hostname></host><host><ip>195.123.219.89</ip><hostname>155372.example.com</hostname></host><host><ip>217.12.207.39</ip><hostname>189190.example.com</hostname></host><host><ip>195.123.247.13</ip><hostname>188080.example.com</hostname></host><host><ip>217.12.206.219</ip><hostname>190210.example.com</hostname></host><host><ip>185.82.219.95</ip><hostname>170917.example.com</hostname></host><host><ip>45.80.215.107</ip><hostname>45.80.215.107.example.com</hostname></host><host><ip>212.80.216.128</ip><hostname>userk.00.example.com</hostname></host><host><ip>5.188.39.28</ip><hostname>yegor.varlamov.2006.example.com</hostname></host><host><ip>95.164.53.12</ip><hostname>2043squidsbased.example.com</hostname></host><host><ip>195.123.226.158</ip><hostname>193264.example.com</hostname></host><host><ip>185.14.30.4</ip><hostname>174322.example.com</hostname></host><host><ip>195.123.237.162</ip><hostname>167561.example.com</hostname></host><host><ip>62.233.57.55</ip><hostname>189408.example.com</hostname></host><host><ip>62.233.57.248</ip><hostname>191353.example.com</hostname></host><host><ip>195.123.219.14</ip><hostname>192210.example.com</hostname></host><host><ip>77.105.164.84</ip><hostname>1975squidsbased.example.com</hostname></host><host><ip>5.34.176.209</ip><hostname>191523.example.com</hostname></host><host><ip>217.12.206.87</ip><hostname>191391.example.com</hostname></host><host><ip>5.101.218.91</ip><hostname>egorov.denis.2000.example.com</hostname></host><host><ip>5.188.37.139</ip><hostname>gostynin.2007.example.com</hostname></host><host><ip>185.104.248.228</ip><hostname>228.example.com</hostname></host><host><ip>195.123.210.230</ip><hostname>189708.example.com</hostname></host><host><ip>195.123.217.4</ip><hostname>193051.example.com</hostname></host><host><ip>5.34.182.68</ip><hostname>198477.example.com</hostname></host><host><ip>195.123.211.219</ip><hostname>191754.example.com</hostname></host><host><ip>5.34.176.90</ip><hostname>186174.example.com</hostname></host><host><ip>195.123.245.220</ip><hostname>18917.example.com</hostname></host><host><ip>195.123.218.72</ip><hostname>192575.example.com</hostname></host><host><ip>62.173.152.196</ip><hostname>a1.efimov.21.example.com</hostname></host><host><ip>195.123.244.228</ip><hostname>181699.example.com</hostname></host><host><ip>195.123.210.144</ip><hostname>183191.example.com</hostname></host><host><ip>185.14.28.107</ip><hostname>184554.example.com</hostname></host><host><ip>217.12.206.166</ip><hostname>193970.example.com</hostname></host><host><ip>45.90.58.5</ip><hostname>206712.example.com</hostname></host><host><ip>185.224.212.28</ip><hostname>188.example.com</hostname></host><host><ip>195.123.244.201</ip><hostname>171470.example.com</hostname></host><host><ip>195.123.210.157</ip><hostname>192704.example.com</hostname></host><host><ip>45.80.215.175</ip><hostname>yangfan1.tec.02.example.com</hostname></host><host><ip>195.123.210.143</ip><hostname>183127.example.com</hostname></host><host><ip>195.123.209.252</ip><hostname>18923.example.com</hostname></host><host><ip>82.118.22.180</ip><hostname>176113.example.com</hostname></host><host><ip>185.14.29.31</ip><hostname>180651.example.com</hostname></host><host><ip>82.118.22.250</ip><hostname>206260.example.com</hostname></host><host><ip>185.82.219.15</ip><hostname>183213.example.com</hostname></host><host><ip>92.223.2.173</ip><hostname>wires-violas1.0f.example.com</hostname></host><host><ip>195.123.244.240</ip><hostname>185483.example.com</hostname></host><host><ip>195.123.219.16</ip><hostname>192216.example.com</hostname></host><host><ip>5.181.27.241</ip><hostname>damping.dutiful.01.example.com</hostname></host><host><ip>82.118.21.11</ip><hostname>177671.example.com</hostname></host><host><ip>5.34.180.16</ip><hostname>182590.example.com</hostname></host><host><ip>195.123.238.43</ip><hostname>172235.example.com</hostname></host><host><ip>5.45.184.155</ip><hostname>waxier-sunlit2.0h.example.com</hostname></host><host><ip>195.123.217.68</ip><hostname>191872.example.com</hostname></host><host><ip>195.123.245.244</ip><hostname>174352.example.com</hostname></host><host><ip>195.123.209.45</ip><hostname>185498.example.com</hostname></host><host><ip>195.123.237.157</ip><hostname>155345.example.com</hostname></host><host><ip>195.123.216.19</ip><hostname>181131.example.com</hostname></host><host><ip>195.123.225.247</ip><hostname>190273.example.com</hostname></host><host><ip>5.34.181.41</ip><hostname>183655.example.com</hostname></host><host><ip>82.118.22.129</ip><hostname>167034.example.com</hostname></host><host><ip>195.123.238.84</ip><hostname>178889.example.com</hostname></host><host><ip>212.80.217.188</ip><hostname>1270011721.example.com</hostname></host><host><ip>195.234.63.10</ip><hostname>195-234-63-10.example.com</hostname></host><host><ip>185.14.28.146</ip><hostname>183265.example.com</hostname></host><host><ip>195.123.247.102</ip><hostname>165367.example.com</hostname></host><host><ip>141.98.6.64</ip><hostname>2024squidsbased.example.com</hostname></host><host><ip>195.123.244.149</ip><hostname>155350.example.com</hostname></host><host><ip>185.204.0.52</ip><hostname>183044.example.com</hostname></host><host><ip>217.12.206.120</ip><hostname>191770.example.com</hostname></host><host><ip>195.123.210.133</ip><hostname>183660.example.com</hostname></host><host><ip>185.14.30.166</ip><hostname>194255.example.com</hostname></host><host><ip>195.123.246.193</ip><hostname>174162.example.com</hostname></host><host><ip>217.12.221.46</ip><hostname>198603.example.com</hostname></host><host><ip>217.12.207.183</ip><hostname>191629.example.com</hostname></host><host><ip>82.118.23.45</ip><hostname>205728.example.com</hostname></host><host><ip>195.123.208.186</ip><hostname>186574.example.com</hostname></host><host><ip>95.164.53.99</ip><hostname>2154squidsbased.example.com</hostname></host><host><ip>185.14.29.139</ip><hostname>184936.example.com</hostname></host><host><ip>185.14.31.92</ip><hostname>162372.example.com</hostname></host><host><ip>5.34.176.153</ip><hostname>188513.example.com</hostname></host><host><ip>185.14.30.139</ip><hostname>206273.example.com</hostname></host><host><ip>77.105.164.98</ip><hostname>2225squidsbased.example.com</hostname></host><host><ip>195.22.149.221</ip><hostname>pro100super9.00.example.com</hostname></host><host><ip>195.123.220.218</ip><hostname>17992.example.com</hostname></host><host><ip>77.105.164.48</ip><hostname>2379squidsbased.example.com</hostname></host><host><ip>195.123.219.55</ip><hostname>189441.example.com</hostname></host><host><ip>82.118.22.166</ip><hostname>173148.example.com</hostname></host><host><ip>195.123.233.70</ip><hostname>120113.example.com</hostname></host><host><ip>195.123.246.136</ip><hostname>149623.example.com</hostname></host><host><ip>77.105.164.184</ip><hostname>2337squidsbased.example.com</hostname></host><host><ip>195.123.208.187</ip><hostname>186584.example.com</hostname></host><host><ip>185.14.28.160</ip><hostname>183270.example.com</hostname></host><host><ip>185.14.30.36</ip><hostname>177930.example.com</hostname></host><host><ip>195.123.209.104</ip><hostname>163986.example.com</hostname></host><host><ip>195.123.219.47</ip><hostname>189390.example.com</hostname></host><host><ip>217.12.210.128</ip><hostname>109199.example.com</hostname></host><host><ip>82.118.23.62</ip><hostname>157793.example.com</hostname></host><host><ip>77.105.164.37</ip><hostname>2374squidsbased.example.com</hostname></host><host><ip>185.224.212.55</ip><hostname>1207.example.com</hostname></host><host><ip>192.162.247.73</ip><hostname>ross.ball.128.example.com</hostname></host><host><ip>195.123.245.46</ip><hostname>143214.example.com</hostname></host><host><ip>195.123.244.225</ip><hostname>186705.example.com</hostname></host><host><ip>5.34.177.23</ip><hostname>188100.example.com</hostname></host><host><ip>195.234.63.9</ip><hostname>195-234-63-9.example.com</hostname></host><host><ip>45.90.59.85</ip><hostname>197183.example.com</hostname></host><host><ip>195.123.212.212</ip><hostname>193685.example.com</hostname></host><host><ip>195.123.216.62</ip><hostname>181598.example.com</hostname></host><host><ip>195.123.222.26</ip><hostname>169292.example.com</hostname></host><host><ip>195.123.222.214</ip><hostname>172281.example.com</hostname></host><host><ip>202.78.160.217</ip><hostname>damping2.dutiful.01.example.com</hostname></host><host><ip>217.12.206.195</ip><hostname>190100.example.com</hostname></host><host><ip>217.12.206.93</ip><hostname>189884.example.com</hostname></host><host><ip>195.22.149.29</ip><hostname>black.coder.112.example.com</hostname></host><host><ip>45.82.161.187</ip><hostname>farid.aliev.1999.example.com</hostname></host><host><ip>195.123.244.243</ip><hostname>186750.example.com</hostname></host><host><ip>195.123.226.180</ip><hostname>193270.example.com</hostname></host><host><ip>185.82.219.55</ip><hostname>183778.example.com</hostname></host><host><ip>141.98.6.10</ip><hostname>2243squidsbased.example.com</hostname></host><host><ip>195.123.224.239</ip><hostname>181771.example.com</hostname></host><host><ip>62.233.57.173</ip><hostname>194009.example.com</hostname></host><host><ip>45.90.59.247</ip><hostname>188441.example.com</hostname></host><host><ip>95.164.55.61</ip><hostname>2313squidsbased.example.com</hostname></host><host><ip>195.123.212.146</ip><hostname>209140.example.com</hostname></host><host><ip>195.123.210.216</ip><hostname>181790.example.com</hostname></host><host><ip>82.202.165.203</ip><hostname>kot1.net.23.example.com</hostname></host><host><ip>185.14.28.41</ip><hostname>185611.example.com</hostname></host><host><ip>195.123.222.228</ip><hostname>159322.example.com</hostname></host><host><ip>195.123.219.83</ip><hostname>189806.example.com</hostname></host><host><ip>45.143.139.24</ip><hostname>a.0yaoming.example.com</hostname></host><host><ip>62.233.57.26</ip><hostname>206223.example.com</hostname></host><host><ip>195.123.219.48</ip><hostname>175489.example.com</hostname></host><host><ip>195.123.219.51</ip><hostname>189402.example.com</hostname></host><host><ip>62.233.57.35</ip><hostname>193225.example.com</hostname></host><host><ip>195.234.63.7</ip><hostname>195-234-63-7.example.com</hostname></host><host><ip>195.123.217.70</ip><hostname>188068.example.com</hostname></host><host><ip>195.123.237.95</ip><hostname>134615.example.com</hostname></host><host><ip>195.123.211.75</ip><hostname>181694.example.com</hostname></host><host><ip>195.123.209.12</ip><hostname>185768.example.com</hostname></host><host><ip>5.34.182.234</ip><hostname>200769.example.com</hostname></host><host><ip>195.123.211.47</ip><hostname>189812.example.com</hostname></host><host><ip>91.217.81.162</ip><hostname>kostya.markov.1965.example.com</hostname></host><host><ip>185.14.28.105</ip><hostname>183260.example.com</hostname></host><host><ip>195.123.224.121</ip><hostname>187736.example.com</hostname></host><host><ip>195.123.238.49</ip><hostname>172323.example.com</hostname></host><host><ip>195.123.211.243</ip><hostname>189148.example.com</hostname></host><host><ip>62.233.57.125</ip><hostname>193982.example.com</hostname></host><host><ip>62.233.57.235</ip><hostname>194575.example.com</hostname></host><host><ip>82.118.22.104</ip><hostname>172286.example.com</hostname></host><host><ip>195.123.246.162</ip><hostname>169334.example.com</hostname></host><host><ip>5.188.37.67</ip><hostname>yakovlev.aleksandr.1992.example.com</hostname></host><host><ip>82.118.21.252</ip><hostname>197716.example.com</hostname></host><host><ip>5.34.176.29</ip><hostname>206105.example.com</hostname></host><host><ip>195.123.221.125</ip><hostname>155498.example.com</hostname></host><host><ip>195.123.210.112</ip><hostname>183008.example.com</hostname></host><host><ip>82.118.22.22</ip><hostname>184946.example.com</hostname></host><host><ip>195.123.244.192</ip><hostname>183042.example.com</hostname></host><host><ip>195.123.217.81</ip><hostname>187451.example.com</hostname></host><host><ip>5.34.180.99</ip><hostname>183368.example.com</hostname></host><host><ip>62.233.57.145</ip><hostname>190189.example.com</hostname></host><host><ip>217.12.206.72</ip><hostname>189702.example.com</hostname></host><host><ip>82.118.21.153</ip><hostname>183363.example.com</hostname></host><host><ip>82.118.21.207</ip><hostname>196565.example.com</hostname></host><host><ip>195.123.210.115</ip><hostname>183032.example.com</hostname></host><host><ip>5.188.37.44</ip><hostname>d1.g.0455737.example.com</hostname></host><host><ip>185.14.30.96</ip><hostname>180715.example.com</hostname></host><host><ip>45.90.57.108</ip><hostname>199831.example.com</hostname></host><host><ip>5.101.218.18</ip><hostname>mityunya1.belov.2014.example.com</hostname></host><host><ip>195.123.237.141</ip><hostname>128623.example.com</hostname></host><host><ip>82.118.22.24</ip><hostname>175454.example.com</hostname></host><host><ip>195.22.152.63</ip><hostname>denis1.ryzhov.1979.example.com</hostname></host><host><ip>195.234.62.75</ip><hostname>damping3.dutiful.01.example.com</hostname></host><host><ip>62.233.57.57</ip><hostname>193745.example.com</hostname></host><host><ip>82.118.22.179</ip><hostname>176108.example.com</hostname></host><host><ip>45.82.161.87</ip><hostname>20250507.example.com</hostname></host><host><ip>195.123.218.178</ip><hostname>199498.example.com</hostname></host><host><ip>195.123.211.122</ip><hostname>191736.example.com</hostname></host><host><ip>95.164.53.9</ip><hostname>2065squidsbased.example.com</hostname></host><host><ip>185.14.31.40</ip><hostname>180720.example.com</hostname></host><host><ip>5.34.176.45</ip><hostname>192130.example.com</hostname></host><host><ip>195.123.217.166</ip><hostname>191567.example.com</hostname></host><host><ip>46.8.53.209</ip><hostname>valya.starchenko.04.example.com</hostname></host><host><ip>195.123.224.198</ip><hostname>193219.example.com</hostname></host><host><ip>195.123.217.192</ip><hostname>191406.example.com</hostname></host><host><ip>195.123.218.212</ip><hostname>188062.example.com</hostname></host><host><ip>166.1.36.110</ip><hostname>mehp.1hp.example.com</hostname></host><host><ip>82.118.19.21</ip><hostname>206135.example.com</hostname></host><host><ip>82.117.253.185</ip><hostname>196772.example.com</hostname></host><host><ip>5.34.180.191</ip><hostname>161240.example.com</hostname></host><host><ip>195.123.208.122</ip><hostname>182216.example.com</hostname></host><host><ip>82.118.22.190</ip><hostname>179820.example.com</hostname></host><host><ip>5.34.176.122</ip><hostname>208306.example.com</hostname></host><host><ip>77.105.164.6</ip><hostname>2312squidsbased.example.com</hostname></host><host><ip>45.90.58.28</ip><hostname>159332.example.com</hostname></host><host><ip>195.123.210.223</ip><hostname>181934.example.com</hostname></host><host><ip>185.14.28.221</ip><hostname>157783.example.com</hostname></host><host><ip>5.34.180.80</ip><hostname>184471.example.com</hostname></host><host><ip>195.123.212.217</ip><hostname>193697.example.com</hostname></host><host><ip>195.123.208.165</ip><hostname>182226.example.com</hostname></host><host><ip>5.34.182.179</ip><hostname>193794.example.com</hostname></host><host><ip>82.118.22.218</ip><hostname>180858.example.com</hostname></host><host><ip>195.123.220.210</ip><hostname>174312.example.com</hostname></host><host><ip>195.123.219.218</ip><hostname>175122.example.com</hostname></host><host><ip>217.12.206.131</ip><hostname>188006.example.com</hostname></host><host><ip>5.34.180.103</ip><hostname>183343.example.com</hostname></host><host><ip>195.123.218.64</ip><hostname>190204.example.com</hostname></host><host><ip>195.123.210.225</ip><hostname>181929.example.com</hostname></host><host><ip>195.123.225.64</ip><hostname>182236.example.com</hostname></host><host><ip>185.82.219.219</ip><hostname>155418.example.com</hostname></host><host><ip>195.123.246.62</ip><hostname>137425.example.com</hostname></host><host><ip>195.123.226.237</ip><hostname>192722.example.com</hostname></host><host><ip>195.123.210.63</ip><hostname>183650.example.com</hostname></host><host><ip>195.123.210.21</ip><hostname>183798.example.com</hostname></host><host><ip>95.164.53.86</ip><hostname>2228squidsbased.example.com</hostname></host><host><ip>217.12.207.149</ip><hostname>194021.example.com</hostname></host><host><ip>195.123.208.107</ip><hostname>186538.example.com</hostname></host><host><ip>5.8.71.68</ip><hostname>dilholol.2.example.com</hostname></host><host><ip>195.123.210.131</ip><hostname>183107.example.com</hostname></host><host><ip>185.82.219.224</ip><hostname>205958.example.com</hostname></host><host><ip>193.183.99.28</ip><hostname>123.example.com</hostname></host><host><ip>45.76.48.130</ip><hostname>45.76.48.130.example.com</hostname></host><host><ip>195.123.244.196</ip><hostname>184872.example.com</hostname></host><host><ip>5.8.33.193</ip><hostname>5.8.33.193.example.com</hostname></host><host><ip>195.123.247.14</ip><hostname>188086.example.com</hostname></host><host><ip>5.34.176.244</ip><hostname>191237.example.com</hostname></host><host><ip>195.123.244.210</ip><hostname>183172.example.com</hostname></host><host><ip>195.123.220.114</ip><hostname>165756.example.com</hostname></host><host><ip>5.34.177.47</ip><hostname>188674.example.com</hostname></host><host><ip>157.90.112.133</ip><hostname>133-112-90-157.example.com</hostname></host><host><ip>195.123.211.65</ip><hostname>181593.example.com</hostname></host><host><ip>195.123.244.153</ip><hostname>184377.example.com</hostname></host><host><ip>5.189.201.27</ip><hostname>nik1.1hp.example.com</hostname></host><host><ip>5.34.176.15</ip><hostname>187009.example.com</hostname></host><host><ip>217.12.207.31</ip><hostname>193976.example.com</hostname></host><host><ip>192.162.246.232</ip><hostname>doctor.09.example.com</hostname></host><host><ip>62.173.149.48</ip><hostname>invest1.1990.example.com</hostname></host><host><ip>45.80.209.132</ip><hostname>waxier-sunlit1.0h.example.com</hostname></host><host><ip>195.140.144.194</ip><hostname>194.example.com</hostname></host><host><ip>5.34.177.21</ip><hostname>188092.example.com</hostname></host><host><ip>5.34.180.68</ip><hostname>184397.example.com</hostname></host><host><ip>77.105.164.88</ip><hostname>2377squidsbased.example.com</hostname></host><host><ip>195.123.209.174</ip><hostname>180970.example.com</hostname></host><host><ip>192.162.247.10</ip><hostname>doctor1.09.example.com</hostname></host><host>www.example.com</host><host>tye.example.com</host><host>muskogee-untanglec.example.com</host><host>da40a.example.com</host><host>sirmgh81.example.com</host><host>140e.unused.example.com</host><host>router9.example.com</host><host>a271377075e.example.com</host><host>kzaykov.example.com</host><host>admin50.example.com</host><host>dsmus1c1*+`p.example.com</host><host>ivelooter.example.com</host><host>emily31643015.example.com</host><host>ip-176-65-36-1g.example.com</host><host>shkaf2o.example.com</host><host>germ2000*m.example.com</host><host>ericdzoma1.example.com</host><host>a96102715.example.com</host><host>crhjznqm.example.com</host><host>namardou.example.com</host><host>test354.example.com</host><host>ihdmfpxp.example.com</host><host>adibi.example.com</host><host>papouski6.example.com</host><host>andhramovm.example.com</host><host>balkhin1.example.com</host><host>kirdark.example.com</host><host>b3dashek1c.example.com</host><host>kakallibi84.example.com</host><host>vit7575.example.com</host><host>kevindollmann.example.com</host><host>ziga-den2009.example.com</host><host>dminyaev2003.example.com</host><host>reverse.example.com</host><host>asus.example.com</host><host>rq.realist1.example.com</host><host>i1.example.com</host><host>ip-201-182-71-228c.example.com</host><host>alexanderhunter1k.example.com</host><host>lickrik.example.com</host><host>dmitry1g.k.example.com</host><host>sushinkdima.example.com</host><host>alexa222sex.example.com</host><host>ronnle1.example.com</host><host>sva1973.example.com</host><host>cashbery.vozvrat.example.com</host><host>wbab.example.com</host><host>hijacked-ip-address-192-83-197-69c.example.com</host><host>koldumai.example.com</host><host>example3149.example.com</host><host>test201+,9.example.com</host><host>radomirb2.example.com</host><host>yjkxozvo.example.com</host><host>a85210216.example.com</host><host>mailq.sc800.example.com</host><host>shumo27.example.com</host><host>begonia-indicolite.example.com</host><host>d7.bykov.example.com</host><host>yohanpalych777i.example.com</host><host>wuerfjaf3f23416i.example.com</host><host>privetkakdelabomj.example.com</host><host>loginova1q.example.com</host><host>saqqavtm.example.com</host><host>vhrqpjwh.example.com</host><host>daniellejennings771.example.com</host><host>northsideg.example.com</host><host>273127.example.com</host><host>shalnaya20202.example.com</host><host>kakoitoakk1.example.com</host><host>iaywkzsh.example.com</host><host>iso.example.com</host><host>vipdxh+d.example.com</host><host>nozdracheva.example.com</host><host>paulfrei2018.example.com</host><host>shantarovich1g.1993.s.example.com</host><host>aa.pustirov250171.example.com</host><host>onlyproru2m.example.com</host><host>admincheckpoint2.example.com</host><host>newlifegame.example.com</host><host>azen204868.example.com</host><host>kanzharadze.example.com</host><host>parfum3rk.example.com</host><host>1cahcr8b342g3xjjbd97wq21.example.com</host><host>roberto306.example.com</host><host>sitroppus3.example.com</host><host>merchadoc.example.com</host><host>lviicynb.example.com</host><host>inoxnik1i.example.com</host><host>aranart.example.com</host><host>ip-190-89-223-118s.example.com</host><host>luiskarlodelagarto.example.com</host><host>lhraiqqt.example.com</host><host>da47c.example.com</host><host>wolfpoint1.example.com</host><host>febamas3129.example.com</host><host>bsfqjfcv.example.com</host><host>account42c.example.com</host><host>rmustafin1q.example.com</host><host>a9278408230.example.com</host><host>xcdname1s.example.com</host><host>multieng2q.example.com</host><host>www.example.com</host><host>server.example.com</host><host>www.example.com</host><host>Guide-to-getting-a-certificate-for-example.com-and-www.example.com</host><host>Abc.example.com</host><host><ip>93.184.215.14</ip><hostname>www.example.com</hostname></host><host><ip>www.example.com-v4.edgesuite.net</ip><hostname>www.example.com</hostname></host><host><ip>2606:2800:21f:cb07:6820:80da:af6b:8b2c</ip><hostname>www.example.com</hostname></host><host><ip>162.159.50.12</ip><hostname>20mail2.example.com</hostname></host><host><ip>2606:2800:220:1:248:1893:25c8:1946</ip><hostname>www.example.com</hostname></host><host><ip>93.184.216.34</ip><hostname>www.example.com</hostname></host></theHarvester>